<div class="awesome-nested-nested-template">
  <div class="awesome-nested-template">

  </div>
</div>
